2025-08-14 10:58:14,913 - Knowledge - INFO - Redis support added with prefix knowledge:b12849t:
2025-08-14 10:58:15,115 - Knowledge - INFO - load persisted knowledge: begin
2025-08-14 10:58:15,120 - Knowledge - INFO - load persisted knowledge: end
2025-08-14 10:58:15,120 - Knowledge - INFO - load persisted docinfo: begin
2025-08-14 10:58:15,122 - Knowledge - INFO - load persisted docinfo: end
2025-08-14 10:58:15,163 - Knowledge - INFO - worker kw1 created with dedicated MongoDB connection (total: 1)
2025-08-14 10:58:15,163 - Knowledge - INFO - knowledge worker kw1 start
2025-08-14 10:58:15,164 - Knowledge - INFO - worker kw1 pull /app/data/b2c/6298/b12849t/sample-6298/org.eclipse.example.calc.test/tst/org/eclipse/example/calc/OperationsTest.java from ingest queue
2025-08-14 10:58:15,165 - Knowledge - INFO - worker kw2 created with dedicated MongoDB connection (total: 2)
2025-08-14 10:58:15,166 - Knowledge - INFO - knowledge worker kw2 start
2025-08-14 10:58:15,166 - Knowledge - INFO - worker kw2 pull /app/data/b2c/6298/b12849t/sample-6298/org.eclipse.example.calc.test/tst/org/eclipse/example/calc/internal/operations/PlusTest.java from ingest queue
2025-08-14 10:58:15,168 - Knowledge - INFO - worker kw3 created with dedicated MongoDB connection (total: 3)
2025-08-14 10:58:15,169 - Knowledge - INFO - knowledge worker kw3 start
2025-08-14 10:58:15,169 - Knowledge - INFO - worker kw3 pull /app/data/b2c/6298/b12849t/sample-6298/org.eclipse.example.calc.test/tst/org/eclipse/example/calc/internal/operations/MinusTest.java from ingest queue
2025-08-14 10:58:15,171 - Knowledge - INFO - worker kw4 created with dedicated MongoDB connection (total: 4)
2025-08-14 10:58:15,171 - Knowledge - INFO - knowledge worker kw4 start
2025-08-14 10:58:15,172 - Knowledge - INFO - worker kw5 created with dedicated MongoDB connection (total: 5)
2025-08-14 10:58:15,172 - Knowledge - INFO - knowledge worker kw5 start
2025-08-14 10:58:15,173 - Knowledge - INFO - worker kw6 created with dedicated MongoDB connection (total: 6)
2025-08-14 10:58:15,174 - Knowledge - INFO - knowledge worker kw6 start
2025-08-14 10:58:15,175 - Knowledge - INFO - worker kw7 created with dedicated MongoDB connection (total: 7)
2025-08-14 10:58:15,175 - Knowledge - INFO - knowledge worker kw7 start
2025-08-14 10:58:15,176 - Knowledge - INFO - worker kw7 pull /app/data/b2c/6298/b12849t/sample-6298/org.eclipse.example.calc.test/tst/org/eclipse/example/calc/internal/operations/SquareTest.java from ingest queue
2025-08-14 10:58:15,177 - Knowledge - INFO - worker kw8 created with dedicated MongoDB connection (total: 8)
2025-08-14 10:58:15,177 - Knowledge - INFO - knowledge worker kw8 start
2025-08-14 10:58:15,178 - Knowledge - INFO - worker kw9 created with dedicated MongoDB connection (total: 9)
2025-08-14 10:58:15,179 - Knowledge - INFO - knowledge worker kw9 start
2025-08-14 10:58:15,180 - Knowledge - INFO - worker kw10 created with dedicated MongoDB connection (total: 10)
2025-08-14 10:58:15,180 - Knowledge - INFO - knowledge worker kw10 start
2025-08-14 10:58:15,181 - Knowledge - INFO - worker kw11 created with dedicated MongoDB connection (total: 11)
2025-08-14 10:58:15,181 - Knowledge - INFO - knowledge worker kw11 start
2025-08-14 10:58:15,182 - Knowledge - INFO - worker kw12 created with dedicated MongoDB connection (total: 12)
2025-08-14 10:58:15,183 - Knowledge - INFO - knowledge worker kw12 start
2025-08-14 10:58:15,184 - Knowledge - INFO - worker kw13 created with dedicated MongoDB connection (total: 13)
2025-08-14 10:58:15,184 - Knowledge - INFO - knowledge worker kw13 start
2025-08-14 10:58:15,185 - Knowledge - INFO - worker kw14 created with dedicated MongoDB connection (total: 14)
2025-08-14 10:58:15,185 - Knowledge - INFO - knowledge worker kw14 start
2025-08-14 10:58:15,186 - Knowledge - INFO - worker kw15 created with dedicated MongoDB connection (total: 15)
2025-08-14 10:58:15,186 - Knowledge - INFO - knowledge worker kw15 start
2025-08-14 10:58:15,187 - Knowledge - INFO - worker kw16 created with dedicated MongoDB connection (total: 16)
2025-08-14 10:58:15,188 - Knowledge - INFO - knowledge worker kw16 start
2025-08-14 10:58:15,190 - Knowledge - INFO - worker kw14 pull /app/data/b2c/6298/b12849t/sample-6298/org.eclipse.example.calc.test/tst/org/eclipse/example/calc/internal/operations/AbstractOperationTest.java from ingest queue
2025-08-14 10:58:15,190 - Knowledge - INFO - worker kw12 pull /app/data/b2c/6298/b12849t/sample-6298/org.eclipse.example.calc.test/tst/org/eclipse/example/calc/internal/operations/EqualsTest.java from ingest queue
2025-08-14 10:58:15,190 - Knowledge - INFO - worker kw15 pull /app/data/b2c/6298/b12849t/sample-6298/org.eclipse.example.calc.test/tst/org/eclipse/example/calc/internal/CalculatorTest.java from ingest queue
2025-08-14 10:58:15,192 - Knowledge - INFO - worker kw16 pull /app/data/b2c/6298/b12849t/sample-6298/org.eclipse.example.calc.test/pom.xml from ingest queue
2025-08-14 10:58:15,194 - Knowledge - INFO - worker kw13 pull /app/data/b2c/6298/b12849t/sample-6298/org.eclipse.example.calc/src/org/eclipse/example/calc/UnaryOperation.java from ingest queue
2025-08-14 10:58:15,194 - Knowledge - INFO - worker kw9 pull /app/data/b2c/6298/b12849t/sample-6298/org.eclipse.example.calc/src/org/eclipse/example/calc/Operations.java from ingest queue
2025-08-14 10:58:15,202 - Knowledge - INFO - worker kw11 pull /app/data/b2c/6298/b12849t/sample-6298/org.eclipse.example.calc/src/org/eclipse/example/calc/BinaryOperation.java from ingest queue
2025-08-14 10:58:15,203 - Knowledge - INFO - worker kw8 pull /app/data/b2c/6298/b12849t/sample-6298/org.eclipse.example.calc/src/org/eclipse/example/calc/Operation.java from ingest queue
2025-08-14 10:58:15,206 - Knowledge - INFO - worker kw4 pull /app/data/b2c/6298/b12849t/sample-6298/org.eclipse.example.calc/src/org/eclipse/example/calc/internal/TextProvider.java from ingest queue
2025-08-14 10:58:15,207 - Knowledge - INFO - worker kw5 pull /app/data/b2c/6298/b12849t/sample-6298/org.eclipse.example.calc/src/org/eclipse/example/calc/internal/operations/Plus.java from ingest queue
2025-08-14 10:58:15,209 - Knowledge - INFO - worker kw17 created with dedicated MongoDB connection (total: 17)
2025-08-14 10:58:15,209 - Knowledge - INFO - knowledge worker kw17 start
2025-08-14 10:58:15,210 - Knowledge - INFO - process ingested knowledge for /app/data/b2c/6298/b12849t/sample-6298/org.eclipse.example.calc.test/tst/org/eclipse/example/calc/OperationsTest.java
2025-08-14 10:58:15,212 - Knowledge - INFO - worker kw18 created with dedicated MongoDB connection (total: 18)
2025-08-14 10:58:15,213 - Knowledge - INFO - knowledge worker kw18 start
2025-08-14 10:58:15,214 - Knowledge - INFO - worker kw18 pull /app/data/b2c/6298/b12849t/sample-6298/org.eclipse.example.calc/src/org/eclipse/example/calc/internal/operations/Minus.java from ingest queue
2025-08-14 10:58:15,215 - Knowledge - INFO - worker kw19 created with dedicated MongoDB connection (total: 19)
2025-08-14 10:58:15,215 - Knowledge - INFO - knowledge worker kw19 start
2025-08-14 10:58:15,216 - Knowledge - INFO - worker kw20 created with dedicated MongoDB connection (total: 20)
2025-08-14 10:58:15,217 - Knowledge - INFO - knowledge worker kw20 start
2025-08-14 10:58:15,218 - Knowledge - WARNING - High connection count: 21 connections active
2025-08-14 10:58:15,218 - Knowledge - INFO - worker kw21 created with dedicated MongoDB connection (total: 21)
2025-08-14 10:58:15,218 - Knowledge - INFO - knowledge worker kw21 start
2025-08-14 10:58:15,221 - Knowledge - INFO - worker kw20 pull /app/data/b2c/6298/b12849t/sample-6298/org.eclipse.example.calc/src/org/eclipse/example/calc/internal/operations/Square.java from ingest queue
2025-08-14 10:58:15,227 - Knowledge - INFO - worker kw6 pull /app/data/b2c/6298/b12849t/sample-6298/org.eclipse.example.calc/src/org/eclipse/example/calc/internal/operations/AbstractOperation.java from ingest queue
2025-08-14 10:58:15,233 - Knowledge - INFO - worker kw21 pull /app/data/b2c/6298/b12849t/sample-6298/org.eclipse.example.calc/src/org/eclipse/example/calc/internal/operations/Divide.java from ingest queue
2025-08-14 10:58:15,234 - Knowledge - INFO - worker kw19 pull /app/data/b2c/6298/b12849t/sample-6298/org.eclipse.example.calc/src/org/eclipse/example/calc/internal/operations/Equals.java from ingest queue
2025-08-14 10:58:15,290 - Knowledge - INFO - process ingested knowledge for /app/data/b2c/6298/b12849t/sample-6298/org.eclipse.example.calc.test/tst/org/eclipse/example/calc/internal/operations/PlusTest.java
2025-08-14 10:58:15,291 - Knowledge - WARNING - High connection count: 22 connections active
2025-08-14 10:58:15,291 - Knowledge - INFO - worker kw22 created with dedicated MongoDB connection (total: 22)
2025-08-14 10:58:15,291 - Knowledge - INFO - worker kw10 pull /app/data/b2c/6298/b12849t/sample-6298/org.eclipse.example.calc/src/org/eclipse/example/calc/internal/Calculator.java from ingest queue
2025-08-14 10:58:15,293 - Knowledge - INFO - knowledge worker kw22 start
2025-08-14 10:58:15,294 - Knowledge - INFO - worker kw17 pull /app/data/b2c/6298/b12849t/sample-6298/org.eclipse.example.calc/src/org/eclipse/example/calc/internal/ui/swing/CalculatorUI.java from ingest queue
2025-08-14 10:58:15,300 - Knowledge - INFO - worker kw22 pull /app/data/b2c/6298/b12849t/sample-6298/org.eclipse.example.calc/src/org/eclipse/example/calc/internal/ui/swt/CalculatorUI.java from ingest queue
2025-08-14 10:58:15,304 - Knowledge - INFO - process ingested knowledge for /app/data/b2c/6298/b12849t/sample-6298/org.eclipse.example.calc.test/pom.xml
2025-08-14 10:58:15,305 - Knowledge - WARNING - High connection count: 23 connections active
2025-08-14 10:58:15,305 - Knowledge - INFO - worker kw23 created with dedicated MongoDB connection (total: 23)
2025-08-14 10:58:15,305 - Knowledge - INFO - knowledge worker kw23 start
2025-08-14 10:58:15,307 - Knowledge - INFO - Found code-base-name: https://github.com/kavia-common/sample-6298.git:kavia-master
2025-08-14 10:58:15,307 - Knowledge - INFO - Found code_base: <app.utils.kg_build.knowledge.KnowledgeCodeBase object at 0x7f13b44ca390>
2025-08-14 10:58:15,307 - Knowledge - INFO - persist ingested knowledge for /app/data/b2c/6298/b12849t/sample-6298/org.eclipse.example.calc.test/tst/org/eclipse/example/calc/internal/operations/PlusTest.java
2025-08-14 10:58:15,309 - Knowledge - INFO - process ingested knowledge for /app/data/b2c/6298/b12849t/sample-6298/org.eclipse.example.calc.test/tst/org/eclipse/example/calc/internal/operations/AbstractOperationTest.java
2025-08-14 10:58:15,389 - Knowledge - INFO - process ingested knowledge for /app/data/b2c/6298/b12849t/sample-6298/org.eclipse.example.calc.test/tst/org/eclipse/example/calc/internal/operations/SquareTest.java
2025-08-14 10:58:15,390 - Knowledge - WARNING - High connection count: 24 connections active
2025-08-14 10:58:15,391 - Knowledge - INFO - worker kw24 created with dedicated MongoDB connection (total: 24)
2025-08-14 10:58:15,391 - Knowledge - INFO - knowledge worker kw24 start
2025-08-14 10:58:15,395 - Knowledge - INFO - process ingested knowledge for /app/data/b2c/6298/b12849t/sample-6298/org.eclipse.example.calc/src/org/eclipse/example/calc/internal/operations/Minus.java
2025-08-14 10:58:15,395 - Knowledge - INFO - process ingested knowledge for /app/data/b2c/6298/b12849t/sample-6298/org.eclipse.example.calc.test/tst/org/eclipse/example/calc/internal/operations/EqualsTest.java
2025-08-14 10:58:15,399 - Knowledge - INFO - process ingested knowledge for /app/data/b2c/6298/b12849t/sample-6298/org.eclipse.example.calc/src/org/eclipse/example/calc/UnaryOperation.java
2025-08-14 10:58:15,400 - Knowledge - INFO - process ingested knowledge for /app/data/b2c/6298/b12849t/sample-6298/org.eclipse.example.calc.test/tst/org/eclipse/example/calc/internal/operations/MinusTest.java
2025-08-14 10:58:15,402 - Knowledge - INFO - process ingested knowledge for /app/data/b2c/6298/b12849t/sample-6298/org.eclipse.example.calc/src/org/eclipse/example/calc/internal/TextProvider.java
2025-08-14 10:58:15,409 - Knowledge - INFO - process ingested knowledge for /app/data/b2c/6298/b12849t/sample-6298/org.eclipse.example.calc/src/org/eclipse/example/calc/internal/operations/Plus.java
2025-08-14 10:58:15,410 - Knowledge - INFO - process ingested knowledge for /app/data/b2c/6298/b12849t/sample-6298/org.eclipse.example.calc/src/org/eclipse/example/calc/Operation.java
2025-08-14 10:58:15,410 - Knowledge - INFO - process ingested knowledge for /app/data/b2c/6298/b12849t/sample-6298/org.eclipse.example.calc/src/org/eclipse/example/calc/internal/operations/AbstractOperation.java
2025-08-14 10:58:15,411 - Knowledge - INFO - process ingested knowledge for /app/data/b2c/6298/b12849t/sample-6298/org.eclipse.example.calc/src/org/eclipse/example/calc/internal/operations/Square.java
2025-08-14 10:58:15,412 - Knowledge - INFO - process ingested knowledge for /app/data/b2c/6298/b12849t/sample-6298/org.eclipse.example.calc/src/org/eclipse/example/calc/internal/operations/Divide.java
2025-08-14 10:58:15,412 - Knowledge - INFO - process ingested knowledge for /app/data/b2c/6298/b12849t/sample-6298/org.eclipse.example.calc/src/org/eclipse/example/calc/BinaryOperation.java
2025-08-14 10:58:15,412 - Knowledge - INFO - process ingested knowledge for /app/data/b2c/6298/b12849t/sample-6298/org.eclipse.example.calc/src/org/eclipse/example/calc/Operations.java
2025-08-14 10:58:15,489 - Knowledge - INFO - process ingested knowledge for /app/data/b2c/6298/b12849t/sample-6298/org.eclipse.example.calc/src/org/eclipse/example/calc/internal/operations/Equals.java
2025-08-14 10:58:15,495 - Knowledge - INFO - process ingested knowledge for /app/data/b2c/6298/b12849t/sample-6298/org.eclipse.example.calc/src/org/eclipse/example/calc/internal/ui/swing/CalculatorUI.java
2025-08-14 10:58:15,495 - Knowledge - INFO - process ingested knowledge for /app/data/b2c/6298/b12849t/sample-6298/org.eclipse.example.calc/src/org/eclipse/example/calc/internal/ui/swt/CalculatorUI.java
2025-08-14 10:58:15,496 - Knowledge - INFO - process ingested knowledge for /app/data/b2c/6298/b12849t/sample-6298/org.eclipse.example.calc/src/org/eclipse/example/calc/internal/Calculator.java
2025-08-14 10:58:15,497 - Knowledge - INFO - process ingested knowledge for /app/data/b2c/6298/b12849t/sample-6298/org.eclipse.example.calc.test/tst/org/eclipse/example/calc/internal/CalculatorTest.java
2025-08-14 10:58:15,521 - Knowledge - INFO - Found code-base-name: https://github.com/kavia-common/sample-6298.git:kavia-master
2025-08-14 10:58:15,521 - Knowledge - INFO - Found code_base: <app.utils.kg_build.knowledge.KnowledgeCodeBase object at 0x7f13b44ca390>
2025-08-14 10:58:15,521 - Knowledge - INFO - persist ingested knowledge for /app/data/b2c/6298/b12849t/sample-6298/org.eclipse.example.calc.test/tst/org/eclipse/example/calc/OperationsTest.java
2025-08-14 10:58:15,521 - Knowledge - INFO - worker kw23 pull /app/data/b2c/6298/b12849t/sample-6298/org.eclipse.example.calc/pom.xml from ingest queue
2025-08-14 10:58:15,522 - Knowledge - INFO - worker kw24 pull /app/data/b2c/6298/b12849t/sample-6298/pom.xml from ingest queue
2025-08-14 10:58:15,524 - Knowledge - INFO - Found code-base-name: https://github.com/kavia-common/sample-6298.git:kavia-master
2025-08-14 10:58:15,524 - Knowledge - INFO - Found code_base: <app.utils.kg_build.knowledge.KnowledgeCodeBase object at 0x7f13b44ca390>
2025-08-14 10:58:15,524 - Knowledge - INFO - persist ingested knowledge for /app/data/b2c/6298/b12849t/sample-6298/org.eclipse.example.calc.test/pom.xml
2025-08-14 10:58:15,525 - Knowledge - INFO - Found code-base-name: https://github.com/kavia-common/sample-6298.git:kavia-master
2025-08-14 10:58:15,525 - Knowledge - INFO - Found code_base: <app.utils.kg_build.knowledge.KnowledgeCodeBase object at 0x7f13b44ca390>
2025-08-14 10:58:15,525 - Knowledge - INFO - persist ingested knowledge for /app/data/b2c/6298/b12849t/sample-6298/org.eclipse.example.calc.test/tst/org/eclipse/example/calc/internal/operations/AbstractOperationTest.java
2025-08-14 10:58:15,526 - Knowledge - INFO - Found code-base-name: https://github.com/kavia-common/sample-6298.git:kavia-master
2025-08-14 10:58:15,526 - Knowledge - INFO - Found code_base: <app.utils.kg_build.knowledge.KnowledgeCodeBase object at 0x7f13b44ca390>
2025-08-14 10:58:15,526 - Knowledge - INFO - persist ingested knowledge for /app/data/b2c/6298/b12849t/sample-6298/org.eclipse.example.calc/src/org/eclipse/example/calc/internal/operations/Minus.java
2025-08-14 10:58:15,526 - Knowledge - INFO - Found code-base-name: https://github.com/kavia-common/sample-6298.git:kavia-master
2025-08-14 10:58:15,526 - Knowledge - INFO - Found code_base: <app.utils.kg_build.knowledge.KnowledgeCodeBase object at 0x7f13b44ca390>
2025-08-14 10:58:15,526 - Knowledge - INFO - persist ingested knowledge for /app/data/b2c/6298/b12849t/sample-6298/org.eclipse.example.calc.test/tst/org/eclipse/example/calc/internal/operations/EqualsTest.java
2025-08-14 10:58:15,526 - Knowledge - INFO - Found code-base-name: https://github.com/kavia-common/sample-6298.git:kavia-master
2025-08-14 10:58:15,526 - Knowledge - INFO - Found code_base: <app.utils.kg_build.knowledge.KnowledgeCodeBase object at 0x7f13b44ca390>
2025-08-14 10:58:15,526 - Knowledge - INFO - persist ingested knowledge for /app/data/b2c/6298/b12849t/sample-6298/org.eclipse.example.calc.test/tst/org/eclipse/example/calc/internal/operations/SquareTest.java
2025-08-14 10:58:15,527 - Knowledge - INFO - Found code-base-name: https://github.com/kavia-common/sample-6298.git:kavia-master
2025-08-14 10:58:15,527 - Knowledge - INFO - Found code_base: <app.utils.kg_build.knowledge.KnowledgeCodeBase object at 0x7f13b44ca390>
2025-08-14 10:58:15,527 - Knowledge - INFO - persist ingested knowledge for /app/data/b2c/6298/b12849t/sample-6298/org.eclipse.example.calc.test/tst/org/eclipse/example/calc/internal/operations/MinusTest.java
2025-08-14 10:58:15,527 - Knowledge - INFO - Found code-base-name: https://github.com/kavia-common/sample-6298.git:kavia-master
2025-08-14 10:58:15,527 - Knowledge - INFO - Found code_base: <app.utils.kg_build.knowledge.KnowledgeCodeBase object at 0x7f13b44ca390>
2025-08-14 10:58:15,527 - Knowledge - INFO - persist ingested knowledge for /app/data/b2c/6298/b12849t/sample-6298/org.eclipse.example.calc/src/org/eclipse/example/calc/UnaryOperation.java
2025-08-14 10:58:15,527 - Knowledge - INFO - Found code-base-name: https://github.com/kavia-common/sample-6298.git:kavia-master
2025-08-14 10:58:15,527 - Knowledge - INFO - Found code_base: <app.utils.kg_build.knowledge.KnowledgeCodeBase object at 0x7f13b44ca390>
2025-08-14 10:58:15,527 - Knowledge - INFO - persist ingested knowledge for /app/data/b2c/6298/b12849t/sample-6298/org.eclipse.example.calc/src/org/eclipse/example/calc/internal/TextProvider.java
2025-08-14 10:58:15,527 - Knowledge - INFO - Found code-base-name: https://github.com/kavia-common/sample-6298.git:kavia-master
2025-08-14 10:58:15,528 - Knowledge - INFO - Found code_base: <app.utils.kg_build.knowledge.KnowledgeCodeBase object at 0x7f13b44ca390>
2025-08-14 10:58:15,528 - Knowledge - INFO - persist ingested knowledge for /app/data/b2c/6298/b12849t/sample-6298/org.eclipse.example.calc/src/org/eclipse/example/calc/Operation.java
2025-08-14 10:58:15,528 - Knowledge - INFO - Found code-base-name: https://github.com/kavia-common/sample-6298.git:kavia-master
2025-08-14 10:58:15,528 - Knowledge - INFO - Found code_base: <app.utils.kg_build.knowledge.KnowledgeCodeBase object at 0x7f13b44ca390>
2025-08-14 10:58:15,528 - Knowledge - INFO - persist ingested knowledge for /app/data/b2c/6298/b12849t/sample-6298/org.eclipse.example.calc/src/org/eclipse/example/calc/internal/operations/Plus.java
2025-08-14 10:58:15,528 - Knowledge - INFO - Found code-base-name: https://github.com/kavia-common/sample-6298.git:kavia-master
2025-08-14 10:58:15,528 - Knowledge - INFO - Found code_base: <app.utils.kg_build.knowledge.KnowledgeCodeBase object at 0x7f13b44ca390>
2025-08-14 10:58:15,528 - Knowledge - INFO - persist ingested knowledge for /app/data/b2c/6298/b12849t/sample-6298/org.eclipse.example.calc/src/org/eclipse/example/calc/internal/operations/Square.java
2025-08-14 10:58:15,528 - Knowledge - INFO - Found code-base-name: https://github.com/kavia-common/sample-6298.git:kavia-master
2025-08-14 10:58:15,529 - Knowledge - INFO - Found code_base: <app.utils.kg_build.knowledge.KnowledgeCodeBase object at 0x7f13b44ca390>
2025-08-14 10:58:15,529 - Knowledge - INFO - persist ingested knowledge for /app/data/b2c/6298/b12849t/sample-6298/org.eclipse.example.calc/src/org/eclipse/example/calc/BinaryOperation.java
2025-08-14 10:58:15,529 - Knowledge - INFO - Found code-base-name: https://github.com/kavia-common/sample-6298.git:kavia-master
2025-08-14 10:58:15,529 - Knowledge - INFO - Found code_base: <app.utils.kg_build.knowledge.KnowledgeCodeBase object at 0x7f13b44ca390>
2025-08-14 10:58:15,529 - Knowledge - INFO - persist ingested knowledge for /app/data/b2c/6298/b12849t/sample-6298/org.eclipse.example.calc/src/org/eclipse/example/calc/internal/operations/AbstractOperation.java
2025-08-14 10:58:15,529 - Knowledge - INFO - Found code-base-name: https://github.com/kavia-common/sample-6298.git:kavia-master
2025-08-14 10:58:15,530 - Knowledge - INFO - Found code_base: <app.utils.kg_build.knowledge.KnowledgeCodeBase object at 0x7f13b44ca390>
2025-08-14 10:58:15,530 - Knowledge - INFO - persist ingested knowledge for /app/data/b2c/6298/b12849t/sample-6298/org.eclipse.example.calc/src/org/eclipse/example/calc/internal/operations/Divide.java
2025-08-14 10:58:15,530 - Knowledge - INFO - Found code-base-name: https://github.com/kavia-common/sample-6298.git:kavia-master
2025-08-14 10:58:15,530 - Knowledge - INFO - Found code_base: <app.utils.kg_build.knowledge.KnowledgeCodeBase object at 0x7f13b44ca390>
2025-08-14 10:58:15,530 - Knowledge - INFO - persist ingested knowledge for /app/data/b2c/6298/b12849t/sample-6298/org.eclipse.example.calc/src/org/eclipse/example/calc/Operations.java
2025-08-14 10:58:15,550 - Knowledge - INFO - process ingested knowledge for /app/data/b2c/6298/b12849t/sample-6298/pom.xml
2025-08-14 10:58:15,551 - Knowledge - INFO - process ingested knowledge for /app/data/b2c/6298/b12849t/sample-6298/org.eclipse.example.calc/pom.xml
2025-08-14 10:58:15,597 - Knowledge - INFO - Found code-base-name: https://github.com/kavia-common/sample-6298.git:kavia-master
2025-08-14 10:58:15,597 - Knowledge - INFO - Found code_base: <app.utils.kg_build.knowledge.KnowledgeCodeBase object at 0x7f13b44ca390>
2025-08-14 10:58:15,597 - Knowledge - INFO - persist ingested knowledge for /app/data/b2c/6298/b12849t/sample-6298/org.eclipse.example.calc/src/org/eclipse/example/calc/internal/ui/swing/CalculatorUI.java
2025-08-14 10:58:15,597 - Knowledge - INFO - Found code-base-name: https://github.com/kavia-common/sample-6298.git:kavia-master
2025-08-14 10:58:15,598 - Knowledge - INFO - Found code_base: <app.utils.kg_build.knowledge.KnowledgeCodeBase object at 0x7f13b44ca390>
2025-08-14 10:58:15,598 - Knowledge - INFO - persist ingested knowledge for /app/data/b2c/6298/b12849t/sample-6298/org.eclipse.example.calc/src/org/eclipse/example/calc/internal/ui/swt/CalculatorUI.java
2025-08-14 10:58:15,598 - Knowledge - INFO - Found code-base-name: https://github.com/kavia-common/sample-6298.git:kavia-master
2025-08-14 10:58:15,598 - Knowledge - INFO - Found code_base: <app.utils.kg_build.knowledge.KnowledgeCodeBase object at 0x7f13b44ca390>
2025-08-14 10:58:15,598 - Knowledge - INFO - persist ingested knowledge for /app/data/b2c/6298/b12849t/sample-6298/org.eclipse.example.calc/src/org/eclipse/example/calc/internal/Calculator.java
2025-08-14 10:58:15,598 - Knowledge - INFO - Found code-base-name: https://github.com/kavia-common/sample-6298.git:kavia-master
2025-08-14 10:58:15,598 - Knowledge - INFO - Found code_base: <app.utils.kg_build.knowledge.KnowledgeCodeBase object at 0x7f13b44ca390>
2025-08-14 10:58:15,598 - Knowledge - INFO - persist ingested knowledge for /app/data/b2c/6298/b12849t/sample-6298/org.eclipse.example.calc.test/tst/org/eclipse/example/calc/internal/CalculatorTest.java
2025-08-14 10:58:15,658 - Knowledge - INFO - adding /app/data/b2c/6298/b12849t/sample-6298/org.eclipse.example.calc.test/tst/org/eclipse/example/calc/internal/operations/PlusTest.java to ingest queue
2025-08-14 10:58:15,984 - Knowledge - INFO - adding /app/data/b2c/6298/b12849t/sample-6298/org.eclipse.example.calc.test/tst/org/eclipse/example/calc/internal/operations/MinusTest.java to ingest queue
2025-08-14 10:58:16,158 - Knowledge - INFO - adding /app/data/b2c/6298/b12849t/sample-6298/org.eclipse.example.calc/src/org/eclipse/example/calc/internal/operations/Plus.java to ingest queue
2025-08-14 10:58:16,319 - Knowledge - INFO - Found code-base-name: https://github.com/kavia-common/sample-6298.git:kavia-master
2025-08-14 10:58:16,319 - Knowledge - INFO - Found code_base: <app.utils.kg_build.knowledge.KnowledgeCodeBase object at 0x7f13b44ca390>
2025-08-14 10:58:16,319 - Knowledge - INFO - persist ingested knowledge for /app/data/b2c/6298/b12849t/sample-6298/org.eclipse.example.calc/src/org/eclipse/example/calc/internal/operations/Equals.java
2025-08-14 10:58:16,320 - Knowledge - INFO - Found code-base-name: https://github.com/kavia-common/sample-6298.git:kavia-master
2025-08-14 10:58:16,320 - Knowledge - INFO - Found code_base: <app.utils.kg_build.knowledge.KnowledgeCodeBase object at 0x7f13b44ca390>
2025-08-14 10:58:16,320 - Knowledge - INFO - persist ingested knowledge for /app/data/b2c/6298/b12849t/sample-6298/pom.xml
2025-08-14 10:58:16,320 - Knowledge - INFO - Found code-base-name: https://github.com/kavia-common/sample-6298.git:kavia-master
2025-08-14 10:58:16,320 - Knowledge - INFO - Found code_base: <app.utils.kg_build.knowledge.KnowledgeCodeBase object at 0x7f13b44ca390>
2025-08-14 10:58:16,320 - Knowledge - INFO - persist ingested knowledge for /app/data/b2c/6298/b12849t/sample-6298/org.eclipse.example.calc/pom.xml
2025-08-14 10:58:16,380 - Knowledge - INFO - adding /app/data/b2c/6298/b12849t/sample-6298/org.eclipse.example.calc/src/org/eclipse/example/calc/Operations.java to ingest queue
2025-08-14 10:58:16,550 - Knowledge - INFO - adding /app/data/b2c/6298/b12849t/sample-6298/org.eclipse.example.calc.test/tst/org/eclipse/example/calc/OperationsTest.java to ingest queue
2025-08-14 10:58:16,550 - Knowledge - INFO - worker kw2 pull /app/data/b2c/6298/b12849t/sample-6298/org.eclipse.example.calc.test/tst/org/eclipse/example/calc/internal/operations/PlusTest.java from ingest queue
2025-08-14 10:58:16,550 - Knowledge - INFO - Thread kw2 - File PlusTest.java - Remaining files in queue: 4
2025-08-14 10:58:16,551 - Knowledge - INFO - start ingest for /app/data/b2c/6298/b12849t/sample-6298/org.eclipse.example.calc.test/tst/org/eclipse/example/calc/internal/operations/PlusTest.java
2025-08-14 10:58:16,551 - Knowledge - INFO - adding /app/data/b2c/6298/b12849t/sample-6298/org.eclipse.example.calc.test/pom.xml to ingest queue
2025-08-14 10:58:16,551 - Knowledge - INFO - adding /app/data/b2c/6298/b12849t/sample-6298/org.eclipse.example.calc/src/org/eclipse/example/calc/internal/operations/Minus.java to ingest queue
2025-08-14 10:58:16,552 - Knowledge - INFO - adding /app/data/b2c/6298/b12849t/sample-6298/org.eclipse.example.calc.test/tst/org/eclipse/example/calc/internal/operations/EqualsTest.java to ingest queue
2025-08-14 10:58:16,553 - Knowledge - INFO - adding /app/data/b2c/6298/b12849t/sample-6298/org.eclipse.example.calc.test/tst/org/eclipse/example/calc/internal/operations/SquareTest.java to ingest queue
2025-08-14 10:58:16,635 - Knowledge - INFO - worker kw3 pull /app/data/b2c/6298/b12849t/sample-6298/org.eclipse.example.calc.test/tst/org/eclipse/example/calc/internal/operations/MinusTest.java from ingest queue
2025-08-14 10:58:16,635 - Knowledge - INFO - Thread kw3 - File MinusTest.java - Remaining files in queue: 7
2025-08-14 10:58:16,635 - Knowledge - INFO - start ingest for /app/data/b2c/6298/b12849t/sample-6298/org.eclipse.example.calc.test/tst/org/eclipse/example/calc/internal/operations/MinusTest.java
2025-08-14 10:58:16,636 - Knowledge - INFO - adding /app/data/b2c/6298/b12849t/sample-6298/org.eclipse.example.calc/src/org/eclipse/example/calc/internal/TextProvider.java to ingest queue
2025-08-14 10:58:16,738 - Knowledge - INFO - worker kw5 pull /app/data/b2c/6298/b12849t/sample-6298/org.eclipse.example.calc/src/org/eclipse/example/calc/internal/operations/Plus.java from ingest queue
2025-08-14 10:58:16,738 - Knowledge - INFO - Thread kw5 - File Plus.java - Remaining files in queue: 7
2025-08-14 10:58:16,738 - Knowledge - INFO - start ingest for /app/data/b2c/6298/b12849t/sample-6298/org.eclipse.example.calc/src/org/eclipse/example/calc/internal/operations/Plus.java
2025-08-14 10:58:16,738 - Knowledge - INFO - adding /app/data/b2c/6298/b12849t/sample-6298/org.eclipse.example.calc/src/org/eclipse/example/calc/BinaryOperation.java to ingest queue
2025-08-14 10:58:17,048 - Knowledge - INFO - adding /app/data/b2c/6298/b12849t/sample-6298/org.eclipse.example.calc/src/org/eclipse/example/calc/internal/operations/Divide.java to ingest queue
2025-08-14 10:58:17,181 - Knowledge - INFO - worker kw9 pull /app/data/b2c/6298/b12849t/sample-6298/org.eclipse.example.calc/src/org/eclipse/example/calc/Operations.java from ingest queue
2025-08-14 10:58:17,181 - Knowledge - INFO - Thread kw9 - File Operations.java - Remaining files in queue: 8
2025-08-14 10:58:17,182 - Knowledge - INFO - start ingest for /app/data/b2c/6298/b12849t/sample-6298/org.eclipse.example.calc/src/org/eclipse/example/calc/Operations.java
2025-08-14 10:58:17,182 - Knowledge - INFO - adding /app/data/b2c/6298/b12849t/sample-6298/org.eclipse.example.calc/src/org/eclipse/example/calc/internal/ui/swt/CalculatorUI.java to ingest queue
2025-08-14 10:58:17,183 - Knowledge - INFO - adding /app/data/b2c/6298/b12849t/sample-6298/org.eclipse.example.calc/src/org/eclipse/example/calc/internal/Calculator.java to ingest queue
2025-08-14 10:58:17,183 - Knowledge - INFO - adding /app/data/b2c/6298/b12849t/sample-6298/org.eclipse.example.calc.test/tst/org/eclipse/example/calc/internal/operations/AbstractOperationTest.java to ingest queue
2025-08-14 10:58:17,188 - Knowledge - INFO - worker kw1 pull /app/data/b2c/6298/b12849t/sample-6298/org.eclipse.example.calc.test/tst/org/eclipse/example/calc/OperationsTest.java from ingest queue
2025-08-14 10:58:17,188 - Knowledge - INFO - Thread kw1 - File OperationsTest.java - Remaining files in queue: 10
2025-08-14 10:58:17,188 - Knowledge - INFO - start ingest for /app/data/b2c/6298/b12849t/sample-6298/org.eclipse.example.calc.test/tst/org/eclipse/example/calc/OperationsTest.java
2025-08-14 10:58:17,189 - Knowledge - INFO - adding /app/data/b2c/6298/b12849t/sample-6298/org.eclipse.example.calc.test/tst/org/eclipse/example/calc/internal/CalculatorTest.java to ingest queue
2025-08-14 10:58:17,190 - Knowledge - INFO - worker kw18 pull /app/data/b2c/6298/b12849t/sample-6298/org.eclipse.example.calc.test/pom.xml from ingest queue
2025-08-14 10:58:17,190 - Knowledge - INFO - Thread kw18 - File pom.xml - Remaining files in queue: 10
2025-08-14 10:58:17,190 - Knowledge - INFO - start ingest for /app/data/b2c/6298/b12849t/sample-6298/org.eclipse.example.calc.test/pom.xml
2025-08-14 10:58:17,190 - Knowledge - INFO - worker kw12 pull /app/data/b2c/6298/b12849t/sample-6298/org.eclipse.example.calc/src/org/eclipse/example/calc/internal/operations/Minus.java from ingest queue
2025-08-14 10:58:17,191 - Knowledge - INFO - Thread kw12 - File Minus.java - Remaining files in queue: 9
2025-08-14 10:58:17,191 - Knowledge - INFO - start ingest for /app/data/b2c/6298/b12849t/sample-6298/org.eclipse.example.calc/src/org/eclipse/example/calc/internal/operations/Minus.java
2025-08-14 10:58:17,192 - Knowledge - INFO - adding /app/data/b2c/6298/b12849t/sample-6298/org.eclipse.example.calc/src/org/eclipse/example/calc/Operation.java to ingest queue
2025-08-14 10:58:17,200 - Knowledge - INFO - adding /app/data/b2c/6298/b12849t/sample-6298/org.eclipse.example.calc/src/org/eclipse/example/calc/internal/operations/Square.java to ingest queue
2025-08-14 10:58:17,201 - Knowledge - INFO - adding /app/data/b2c/6298/b12849t/sample-6298/org.eclipse.example.calc/src/org/eclipse/example/calc/internal/operations/AbstractOperation.java to ingest queue
2025-08-14 10:58:17,202 - Knowledge - INFO - worker kw11 pull /app/data/b2c/6298/b12849t/sample-6298/org.eclipse.example.calc.test/tst/org/eclipse/example/calc/internal/operations/EqualsTest.java from ingest queue
2025-08-14 10:58:17,202 - Knowledge - INFO - Thread kw11 - File EqualsTest.java - Remaining files in queue: 11
2025-08-14 10:58:17,205 - Knowledge - INFO - start ingest for /app/data/b2c/6298/b12849t/sample-6298/org.eclipse.example.calc.test/tst/org/eclipse/example/calc/internal/operations/EqualsTest.java
2025-08-14 10:58:17,205 - Knowledge - INFO - adding /app/data/b2c/6298/b12849t/sample-6298/org.eclipse.example.calc/src/org/eclipse/example/calc/internal/operations/Equals.java to ingest queue
2025-08-14 10:58:17,207 - Knowledge - INFO - Fast-track processing for simple file: /app/data/b2c/6298/b12849t/sample-6298/org.eclipse.example.calc.test/pom.xml
2025-08-14 10:58:17,207 - Knowledge - INFO - done fast ingest for /app/data/b2c/6298/b12849t/sample-6298/org.eclipse.example.calc.test/pom.xml
2025-08-14 10:58:17,208 - Knowledge - INFO - adding /app/data/b2c/6298/b12849t/sample-6298/pom.xml to ingest queue
2025-08-14 10:58:17,209 - Knowledge - INFO - process ingested knowledge for /app/data/b2c/6298/b12849t/sample-6298/org.eclipse.example.calc.test/pom.xml
2025-08-14 10:58:17,210 - Knowledge - INFO - adding /app/data/b2c/6298/b12849t/sample-6298/org.eclipse.example.calc/src/org/eclipse/example/calc/internal/ui/swing/CalculatorUI.java to ingest queue
2025-08-14 10:58:17,210 - Knowledge - INFO - adding /app/data/b2c/6298/b12849t/sample-6298/org.eclipse.example.calc/pom.xml to ingest queue
2025-08-14 10:58:17,211 - Knowledge - INFO - worker kw22 pull /app/data/b2c/6298/b12849t/sample-6298/org.eclipse.example.calc.test/tst/org/eclipse/example/calc/internal/operations/SquareTest.java from ingest queue
2025-08-14 10:58:17,211 - Knowledge - INFO - Thread kw22 - File SquareTest.java - Remaining files in queue: 14
2025-08-14 10:58:17,211 - Knowledge - INFO - start ingest for /app/data/b2c/6298/b12849t/sample-6298/org.eclipse.example.calc.test/tst/org/eclipse/example/calc/internal/operations/SquareTest.java
2025-08-14 10:58:17,212 - Knowledge - INFO - worker kw16 pull /app/data/b2c/6298/b12849t/sample-6298/org.eclipse.example.calc/src/org/eclipse/example/calc/internal/TextProvider.java from ingest queue
2025-08-14 10:58:17,212 - Knowledge - INFO - Thread kw16 - File TextProvider.java - Remaining files in queue: 13
2025-08-14 10:58:17,212 - Knowledge - INFO - adding /app/data/b2c/6298/b12849t/sample-6298/org.eclipse.example.calc/src/org/eclipse/example/calc/UnaryOperation.java to ingest queue
2025-08-14 10:58:17,214 - Knowledge - INFO - start ingest for /app/data/b2c/6298/b12849t/sample-6298/org.eclipse.example.calc/src/org/eclipse/example/calc/internal/TextProvider.java
2025-08-14 10:58:17,214 - Knowledge - INFO - worker kw4 pull /app/data/b2c/6298/b12849t/sample-6298/org.eclipse.example.calc/src/org/eclipse/example/calc/BinaryOperation.java from ingest queue
2025-08-14 10:58:17,214 - Knowledge - INFO - Thread kw4 - File BinaryOperation.java - Remaining files in queue: 13
2025-08-14 10:58:17,215 - Knowledge - INFO - start ingest for /app/data/b2c/6298/b12849t/sample-6298/org.eclipse.example.calc/src/org/eclipse/example/calc/BinaryOperation.java
2025-08-14 10:58:17,215 - Knowledge - INFO - worker kw14 pull /app/data/b2c/6298/b12849t/sample-6298/org.eclipse.example.calc/src/org/eclipse/example/calc/internal/operations/Divide.java from ingest queue
2025-08-14 10:58:17,216 - Knowledge - INFO - Thread kw14 - File Divide.java - Remaining files in queue: 12
2025-08-14 10:58:17,216 - Knowledge - INFO - start ingest for /app/data/b2c/6298/b12849t/sample-6298/org.eclipse.example.calc/src/org/eclipse/example/calc/internal/operations/Divide.java
2025-08-14 10:58:17,217 - Knowledge - INFO - worker kw21 pull /app/data/b2c/6298/b12849t/sample-6298/org.eclipse.example.calc/src/org/eclipse/example/calc/internal/ui/swt/CalculatorUI.java from ingest queue
2025-08-14 10:58:17,217 - Knowledge - INFO - Thread kw21 - File CalculatorUI.java - Remaining files in queue: 11
2025-08-14 10:58:17,217 - Knowledge - INFO - start ingest for /app/data/b2c/6298/b12849t/sample-6298/org.eclipse.example.calc/src/org/eclipse/example/calc/internal/ui/swt/CalculatorUI.java
2025-08-14 10:58:17,217 - Knowledge - INFO - worker kw20 pull /app/data/b2c/6298/b12849t/sample-6298/org.eclipse.example.calc/src/org/eclipse/example/calc/internal/Calculator.java from ingest queue
2025-08-14 10:58:17,217 - Knowledge - INFO - Thread kw20 - File Calculator.java - Remaining files in queue: 10
2025-08-14 10:58:17,217 - Knowledge - INFO - start ingest for /app/data/b2c/6298/b12849t/sample-6298/org.eclipse.example.calc/src/org/eclipse/example/calc/internal/Calculator.java
2025-08-14 10:58:17,219 - Knowledge - INFO - worker kw6 pull /app/data/b2c/6298/b12849t/sample-6298/org.eclipse.example.calc.test/tst/org/eclipse/example/calc/internal/operations/AbstractOperationTest.java from ingest queue
2025-08-14 10:58:17,219 - Knowledge - INFO - Thread kw6 - File AbstractOperationTest.java - Remaining files in queue: 9
2025-08-14 10:58:17,219 - Knowledge - INFO - start ingest for /app/data/b2c/6298/b12849t/sample-6298/org.eclipse.example.calc.test/tst/org/eclipse/example/calc/internal/operations/AbstractOperationTest.java
2025-08-14 10:58:17,222 - Knowledge - INFO - worker kw8 pull /app/data/b2c/6298/b12849t/sample-6298/org.eclipse.example.calc.test/tst/org/eclipse/example/calc/internal/CalculatorTest.java from ingest queue
2025-08-14 10:58:17,222 - Knowledge - INFO - Thread kw8 - File CalculatorTest.java - Remaining files in queue: 8
2025-08-14 10:58:17,222 - Knowledge - INFO - start ingest for /app/data/b2c/6298/b12849t/sample-6298/org.eclipse.example.calc.test/tst/org/eclipse/example/calc/internal/CalculatorTest.java
2025-08-14 10:58:17,222 - Knowledge - INFO - worker kw19 pull /app/data/b2c/6298/b12849t/sample-6298/org.eclipse.example.calc/src/org/eclipse/example/calc/Operation.java from ingest queue
2025-08-14 10:58:17,223 - Knowledge - INFO - Thread kw19 - File Operation.java - Remaining files in queue: 7
2025-08-14 10:58:17,223 - Knowledge - INFO - start ingest for /app/data/b2c/6298/b12849t/sample-6298/org.eclipse.example.calc/src/org/eclipse/example/calc/Operation.java
2025-08-14 10:58:17,225 - Knowledge - INFO - worker kw10 pull /app/data/b2c/6298/b12849t/sample-6298/org.eclipse.example.calc/src/org/eclipse/example/calc/internal/operations/Square.java from ingest queue
2025-08-14 10:58:17,225 - Knowledge - INFO - Thread kw10 - File Square.java - Remaining files in queue: 6
2025-08-14 10:58:17,225 - Knowledge - INFO - start ingest for /app/data/b2c/6298/b12849t/sample-6298/org.eclipse.example.calc/src/org/eclipse/example/calc/internal/operations/Square.java
2025-08-14 10:58:17,226 - Knowledge - INFO - worker kw7 pull /app/data/b2c/6298/b12849t/sample-6298/org.eclipse.example.calc/src/org/eclipse/example/calc/internal/operations/AbstractOperation.java from ingest queue
2025-08-14 10:58:17,226 - Knowledge - INFO - Thread kw7 - File AbstractOperation.java - Remaining files in queue: 5
2025-08-14 10:58:17,226 - Knowledge - INFO - start ingest for /app/data/b2c/6298/b12849t/sample-6298/org.eclipse.example.calc/src/org/eclipse/example/calc/internal/operations/AbstractOperation.java
2025-08-14 10:58:17,229 - Knowledge - INFO - Found code-base-name: https://github.com/kavia-common/sample-6298.git:kavia-master
2025-08-14 10:58:17,229 - Knowledge - INFO - Found code_base: <app.utils.kg_build.knowledge.KnowledgeCodeBase object at 0x7f13b44ca390>
2025-08-14 10:58:17,229 - Knowledge - INFO - persist ingested knowledge for /app/data/b2c/6298/b12849t/sample-6298/org.eclipse.example.calc.test/pom.xml
2025-08-14 10:58:17,232 - Knowledge - INFO - worker kw15 pull /app/data/b2c/6298/b12849t/sample-6298/org.eclipse.example.calc/src/org/eclipse/example/calc/internal/operations/Equals.java from ingest queue
2025-08-14 10:58:17,232 - Knowledge - INFO - Thread kw15 - File Equals.java - Remaining files in queue: 4
2025-08-14 10:58:17,232 - Knowledge - INFO - start ingest for /app/data/b2c/6298/b12849t/sample-6298/org.eclipse.example.calc/src/org/eclipse/example/calc/internal/operations/Equals.java
2025-08-14 10:58:17,233 - Knowledge - INFO - Fast-track processing for simple file: /app/data/b2c/6298/b12849t/sample-6298/org.eclipse.example.calc/src/org/eclipse/example/calc/internal/operations/Divide.java
2025-08-14 10:58:17,233 - Knowledge - INFO - done fast ingest for /app/data/b2c/6298/b12849t/sample-6298/org.eclipse.example.calc/src/org/eclipse/example/calc/internal/operations/Divide.java
2025-08-14 10:58:17,233 - Knowledge - INFO - process ingested knowledge for /app/data/b2c/6298/b12849t/sample-6298/org.eclipse.example.calc/src/org/eclipse/example/calc/internal/operations/Divide.java
2025-08-14 10:58:17,238 - Knowledge - INFO - worker kw24 pull /app/data/b2c/6298/b12849t/sample-6298/pom.xml from ingest queue
2025-08-14 10:58:17,238 - Knowledge - INFO - Thread kw24 - File pom.xml - Remaining files in queue: 3
2025-08-14 10:58:17,238 - Knowledge - INFO - start ingest for /app/data/b2c/6298/b12849t/sample-6298/pom.xml
2025-08-14 10:58:17,238 - Knowledge - INFO - worker kw17 pull /app/data/b2c/6298/b12849t/sample-6298/org.eclipse.example.calc/src/org/eclipse/example/calc/internal/ui/swing/CalculatorUI.java from ingest queue
2025-08-14 10:58:17,239 - Knowledge - INFO - Thread kw17 - File CalculatorUI.java - Remaining files in queue: 2
2025-08-14 10:58:17,239 - Knowledge - INFO - start ingest for /app/data/b2c/6298/b12849t/sample-6298/org.eclipse.example.calc/src/org/eclipse/example/calc/internal/ui/swing/CalculatorUI.java
2025-08-14 10:58:17,242 - Knowledge - INFO - worker kw23 pull /app/data/b2c/6298/b12849t/sample-6298/org.eclipse.example.calc/pom.xml from ingest queue
2025-08-14 10:58:17,242 - Knowledge - INFO - Thread kw23 - File pom.xml - Remaining files in queue: 1
2025-08-14 10:58:17,242 - Knowledge - INFO - start ingest for /app/data/b2c/6298/b12849t/sample-6298/org.eclipse.example.calc/pom.xml
2025-08-14 10:58:17,242 - Knowledge - INFO - Fast-track processing for simple file: /app/data/b2c/6298/b12849t/sample-6298/pom.xml
2025-08-14 10:58:17,242 - Knowledge - INFO - done fast ingest for /app/data/b2c/6298/b12849t/sample-6298/pom.xml
2025-08-14 10:58:17,243 - Knowledge - INFO - process ingested knowledge for /app/data/b2c/6298/b12849t/sample-6298/pom.xml
2025-08-14 10:58:17,261 - Knowledge - INFO - Fast-track processing for simple file: /app/data/b2c/6298/b12849t/sample-6298/org.eclipse.example.calc/pom.xml
2025-08-14 10:58:17,262 - Knowledge - INFO - done fast ingest for /app/data/b2c/6298/b12849t/sample-6298/org.eclipse.example.calc/pom.xml
2025-08-14 10:58:17,262 - Knowledge - INFO - process ingested knowledge for /app/data/b2c/6298/b12849t/sample-6298/org.eclipse.example.calc/pom.xml
2025-08-14 10:58:17,622 - Knowledge - INFO - Found code-base-name: https://github.com/kavia-common/sample-6298.git:kavia-master
2025-08-14 10:58:17,622 - Knowledge - INFO - Found code_base: <app.utils.kg_build.knowledge.KnowledgeCodeBase object at 0x7f13b44ca390>
2025-08-14 10:58:17,622 - Knowledge - INFO - persist ingested knowledge for /app/data/b2c/6298/b12849t/sample-6298/pom.xml
2025-08-14 10:58:17,622 - Knowledge - INFO - Found code-base-name: https://github.com/kavia-common/sample-6298.git:kavia-master
2025-08-14 10:58:17,623 - Knowledge - INFO - Found code_base: <app.utils.kg_build.knowledge.KnowledgeCodeBase object at 0x7f13b44ca390>
2025-08-14 10:58:17,623 - Knowledge - INFO - persist ingested knowledge for /app/data/b2c/6298/b12849t/sample-6298/org.eclipse.example.calc/pom.xml
2025-08-14 10:58:17,623 - Knowledge - INFO - worker kw18 pull /app/data/b2c/6298/b12849t/sample-6298/org.eclipse.example.calc/src/org/eclipse/example/calc/UnaryOperation.java from ingest queue
2025-08-14 10:58:17,624 - Knowledge - INFO - Thread kw18 - File UnaryOperation.java - Remaining files in queue: 0
2025-08-14 10:58:17,624 - Knowledge - INFO - start ingest for /app/data/b2c/6298/b12849t/sample-6298/org.eclipse.example.calc/src/org/eclipse/example/calc/UnaryOperation.java
2025-08-14 10:58:17,632 - Knowledge - INFO - Found code-base-name: https://github.com/kavia-common/sample-6298.git:kavia-master
2025-08-14 10:58:17,632 - Knowledge - INFO - Found code_base: <app.utils.kg_build.knowledge.KnowledgeCodeBase object at 0x7f13b44ca390>
2025-08-14 10:58:17,632 - Knowledge - INFO - persist ingested knowledge for /app/data/b2c/6298/b12849t/sample-6298/org.eclipse.example.calc/src/org/eclipse/example/calc/internal/operations/Divide.java
2025-08-14 10:58:34,690 - Knowledge - INFO - done ingest for /app/data/b2c/6298/b12849t/sample-6298/org.eclipse.example.calc/src/org/eclipse/example/calc/Operation.java
2025-08-14 10:58:34,690 - Knowledge - INFO - process ingested knowledge for /app/data/b2c/6298/b12849t/sample-6298/org.eclipse.example.calc/src/org/eclipse/example/calc/Operation.java
2025-08-14 10:58:34,703 - Knowledge - INFO - Found code-base-name: https://github.com/kavia-common/sample-6298.git:kavia-master
2025-08-14 10:58:34,703 - Knowledge - INFO - Found code_base: <app.utils.kg_build.knowledge.KnowledgeCodeBase object at 0x7f13b44ca390>
2025-08-14 10:58:34,703 - Knowledge - INFO - persist ingested knowledge for /app/data/b2c/6298/b12849t/sample-6298/org.eclipse.example.calc/src/org/eclipse/example/calc/Operation.java
2025-08-14 10:58:36,135 - Knowledge - INFO - persist search terms embedding for org.eclipse.example.calc/src/org/eclipse/example/calc/Operation.java
2025-08-14 10:58:36,326 - Knowledge - INFO - done ingest for /app/data/b2c/6298/b12849t/sample-6298/org.eclipse.example.calc/src/org/eclipse/example/calc/BinaryOperation.java
2025-08-14 10:58:36,326 - Knowledge - INFO - process ingested knowledge for /app/data/b2c/6298/b12849t/sample-6298/org.eclipse.example.calc/src/org/eclipse/example/calc/BinaryOperation.java
2025-08-14 10:58:36,353 - Knowledge - INFO - Found code-base-name: https://github.com/kavia-common/sample-6298.git:kavia-master
2025-08-14 10:58:36,353 - Knowledge - INFO - Found code_base: <app.utils.kg_build.knowledge.KnowledgeCodeBase object at 0x7f13b44ca390>
2025-08-14 10:58:36,353 - Knowledge - INFO - persist ingested knowledge for /app/data/b2c/6298/b12849t/sample-6298/org.eclipse.example.calc/src/org/eclipse/example/calc/BinaryOperation.java
2025-08-14 10:58:37,096 - Knowledge - INFO - persist search terms embedding for org.eclipse.example.calc/src/org/eclipse/example/calc/BinaryOperation.java
2025-08-14 10:58:37,797 - Knowledge - INFO - done ingest for /app/data/b2c/6298/b12849t/sample-6298/org.eclipse.example.calc/src/org/eclipse/example/calc/internal/operations/Equals.java
2025-08-14 10:58:37,802 - Knowledge - INFO - process ingested knowledge for /app/data/b2c/6298/b12849t/sample-6298/org.eclipse.example.calc/src/org/eclipse/example/calc/internal/operations/Equals.java
2025-08-14 10:58:37,810 - Knowledge - INFO - Found code-base-name: https://github.com/kavia-common/sample-6298.git:kavia-master
2025-08-14 10:58:37,810 - Knowledge - INFO - Found code_base: <app.utils.kg_build.knowledge.KnowledgeCodeBase object at 0x7f13b44ca390>
2025-08-14 10:58:37,810 - Knowledge - INFO - persist ingested knowledge for /app/data/b2c/6298/b12849t/sample-6298/org.eclipse.example.calc/src/org/eclipse/example/calc/internal/operations/Equals.java
2025-08-14 10:58:37,823 - Knowledge - INFO - done ingest for /app/data/b2c/6298/b12849t/sample-6298/org.eclipse.example.calc.test/tst/org/eclipse/example/calc/internal/operations/AbstractOperationTest.java
2025-08-14 10:58:37,823 - Knowledge - INFO - process ingested knowledge for /app/data/b2c/6298/b12849t/sample-6298/org.eclipse.example.calc.test/tst/org/eclipse/example/calc/internal/operations/AbstractOperationTest.java
2025-08-14 10:58:38,453 - Knowledge - INFO - persist search terms embedding for org.eclipse.example.calc/src/org/eclipse/example/calc/internal/operations/Equals.java
2025-08-14 10:58:38,558 - Knowledge - INFO - Found code-base-name: https://github.com/kavia-common/sample-6298.git:kavia-master
2025-08-14 10:58:38,558 - Knowledge - INFO - Found code_base: <app.utils.kg_build.knowledge.KnowledgeCodeBase object at 0x7f13b44ca390>
2025-08-14 10:58:38,558 - Knowledge - INFO - persist ingested knowledge for /app/data/b2c/6298/b12849t/sample-6298/org.eclipse.example.calc.test/tst/org/eclipse/example/calc/internal/operations/AbstractOperationTest.java
2025-08-14 10:58:38,744 - Knowledge - INFO - done ingest for /app/data/b2c/6298/b12849t/sample-6298/org.eclipse.example.calc/src/org/eclipse/example/calc/UnaryOperation.java
2025-08-14 10:58:38,744 - Knowledge - INFO - process ingested knowledge for /app/data/b2c/6298/b12849t/sample-6298/org.eclipse.example.calc/src/org/eclipse/example/calc/UnaryOperation.java
2025-08-14 10:58:39,213 - Knowledge - INFO - persist search terms embedding for org.eclipse.example.calc.test/tst/org/eclipse/example/calc/internal/operations/AbstractOperationTest.java
2025-08-14 10:58:39,288 - Knowledge - INFO - Found code-base-name: https://github.com/kavia-common/sample-6298.git:kavia-master
2025-08-14 10:58:39,288 - Knowledge - INFO - Found code_base: <app.utils.kg_build.knowledge.KnowledgeCodeBase object at 0x7f13b44ca390>
2025-08-14 10:58:39,288 - Knowledge - INFO - persist ingested knowledge for /app/data/b2c/6298/b12849t/sample-6298/org.eclipse.example.calc/src/org/eclipse/example/calc/UnaryOperation.java
2025-08-14 10:58:39,424 - Knowledge - INFO - done ingest for /app/data/b2c/6298/b12849t/sample-6298/org.eclipse.example.calc/src/org/eclipse/example/calc/internal/operations/AbstractOperation.java
2025-08-14 10:58:39,425 - Knowledge - INFO - process ingested knowledge for /app/data/b2c/6298/b12849t/sample-6298/org.eclipse.example.calc/src/org/eclipse/example/calc/internal/operations/AbstractOperation.java
2025-08-14 10:58:40,024 - Knowledge - INFO - persist search terms embedding for org.eclipse.example.calc/src/org/eclipse/example/calc/UnaryOperation.java
2025-08-14 10:58:40,048 - Knowledge - INFO - Found code-base-name: https://github.com/kavia-common/sample-6298.git:kavia-master
2025-08-14 10:58:40,048 - Knowledge - INFO - Found code_base: <app.utils.kg_build.knowledge.KnowledgeCodeBase object at 0x7f13b44ca390>
2025-08-14 10:58:40,048 - Knowledge - INFO - persist ingested knowledge for /app/data/b2c/6298/b12849t/sample-6298/org.eclipse.example.calc/src/org/eclipse/example/calc/internal/operations/AbstractOperation.java
2025-08-14 10:58:40,714 - Knowledge - INFO - persist search terms embedding for org.eclipse.example.calc/src/org/eclipse/example/calc/internal/operations/AbstractOperation.java
2025-08-14 10:58:41,650 - Knowledge - INFO - done ingest for /app/data/b2c/6298/b12849t/sample-6298/org.eclipse.example.calc/src/org/eclipse/example/calc/internal/TextProvider.java
2025-08-14 10:58:41,650 - Knowledge - INFO - process ingested knowledge for /app/data/b2c/6298/b12849t/sample-6298/org.eclipse.example.calc/src/org/eclipse/example/calc/internal/TextProvider.java
2025-08-14 10:58:41,703 - Knowledge - INFO - Found code-base-name: https://github.com/kavia-common/sample-6298.git:kavia-master
2025-08-14 10:58:41,703 - Knowledge - INFO - Found code_base: <app.utils.kg_build.knowledge.KnowledgeCodeBase object at 0x7f13b44ca390>
2025-08-14 10:58:41,703 - Knowledge - INFO - persist ingested knowledge for /app/data/b2c/6298/b12849t/sample-6298/org.eclipse.example.calc/src/org/eclipse/example/calc/internal/TextProvider.java
2025-08-14 10:58:41,996 - Knowledge - INFO - done ingest for /app/data/b2c/6298/b12849t/sample-6298/org.eclipse.example.calc.test/tst/org/eclipse/example/calc/internal/operations/EqualsTest.java
2025-08-14 10:58:41,999 - Knowledge - INFO - process ingested knowledge for /app/data/b2c/6298/b12849t/sample-6298/org.eclipse.example.calc.test/tst/org/eclipse/example/calc/internal/operations/EqualsTest.java
2025-08-14 10:58:42,443 - Knowledge - INFO - persist search terms embedding for org.eclipse.example.calc/src/org/eclipse/example/calc/internal/TextProvider.java
2025-08-14 10:58:42,466 - Knowledge - INFO - done ingest for /app/data/b2c/6298/b12849t/sample-6298/org.eclipse.example.calc/src/org/eclipse/example/calc/internal/operations/Minus.java
2025-08-14 10:58:42,467 - Knowledge - INFO - process ingested knowledge for /app/data/b2c/6298/b12849t/sample-6298/org.eclipse.example.calc/src/org/eclipse/example/calc/internal/operations/Minus.java
2025-08-14 10:58:42,522 - Knowledge - INFO - Found code-base-name: https://github.com/kavia-common/sample-6298.git:kavia-master
2025-08-14 10:58:42,522 - Knowledge - INFO - Found code_base: <app.utils.kg_build.knowledge.KnowledgeCodeBase object at 0x7f13b44ca390>
2025-08-14 10:58:42,522 - Knowledge - INFO - persist ingested knowledge for /app/data/b2c/6298/b12849t/sample-6298/org.eclipse.example.calc/src/org/eclipse/example/calc/internal/operations/Minus.java
2025-08-14 10:58:42,561 - Knowledge - INFO - done ingest for /app/data/b2c/6298/b12849t/sample-6298/org.eclipse.example.calc/src/org/eclipse/example/calc/internal/operations/Plus.java
2025-08-14 10:58:42,566 - Knowledge - INFO - process ingested knowledge for /app/data/b2c/6298/b12849t/sample-6298/org.eclipse.example.calc/src/org/eclipse/example/calc/internal/operations/Plus.java
2025-08-14 10:58:43,040 - Knowledge - INFO - persist search terms embedding for org.eclipse.example.calc/src/org/eclipse/example/calc/internal/operations/Minus.java
2025-08-14 10:58:43,111 - Knowledge - INFO - Found code-base-name: https://github.com/kavia-common/sample-6298.git:kavia-master
2025-08-14 10:58:43,111 - Knowledge - INFO - Found code_base: <app.utils.kg_build.knowledge.KnowledgeCodeBase object at 0x7f13b44ca390>
2025-08-14 10:58:43,112 - Knowledge - INFO - persist ingested knowledge for /app/data/b2c/6298/b12849t/sample-6298/org.eclipse.example.calc/src/org/eclipse/example/calc/internal/operations/Plus.java
2025-08-14 10:58:43,127 - Knowledge - INFO - Found code-base-name: https://github.com/kavia-common/sample-6298.git:kavia-master
2025-08-14 10:58:43,127 - Knowledge - INFO - Found code_base: <app.utils.kg_build.knowledge.KnowledgeCodeBase object at 0x7f13b44ca390>
2025-08-14 10:58:43,127 - Knowledge - INFO - persist ingested knowledge for /app/data/b2c/6298/b12849t/sample-6298/org.eclipse.example.calc.test/tst/org/eclipse/example/calc/internal/operations/EqualsTest.java
2025-08-14 10:58:43,747 - Knowledge - INFO - persist search terms embedding for org.eclipse.example.calc/src/org/eclipse/example/calc/internal/operations/Plus.java
2025-08-14 10:58:44,093 - Knowledge - INFO - done ingest for /app/data/b2c/6298/b12849t/sample-6298/org.eclipse.example.calc/src/org/eclipse/example/calc/internal/operations/Square.java
2025-08-14 10:58:44,094 - Knowledge - INFO - process ingested knowledge for /app/data/b2c/6298/b12849t/sample-6298/org.eclipse.example.calc/src/org/eclipse/example/calc/internal/operations/Square.java
2025-08-14 10:58:44,510 - Knowledge - INFO - persist search terms embedding for org.eclipse.example.calc.test/tst/org/eclipse/example/calc/internal/operations/EqualsTest.java
2025-08-14 10:58:44,619 - Knowledge - INFO - Found code-base-name: https://github.com/kavia-common/sample-6298.git:kavia-master
2025-08-14 10:58:44,619 - Knowledge - INFO - Found code_base: <app.utils.kg_build.knowledge.KnowledgeCodeBase object at 0x7f13b44ca390>
2025-08-14 10:58:44,619 - Knowledge - INFO - persist ingested knowledge for /app/data/b2c/6298/b12849t/sample-6298/org.eclipse.example.calc/src/org/eclipse/example/calc/internal/operations/Square.java
2025-08-14 10:58:44,625 - Knowledge - INFO - done ingest for /app/data/b2c/6298/b12849t/sample-6298/org.eclipse.example.calc.test/tst/org/eclipse/example/calc/internal/operations/SquareTest.java
2025-08-14 10:58:44,625 - Knowledge - INFO - process ingested knowledge for /app/data/b2c/6298/b12849t/sample-6298/org.eclipse.example.calc.test/tst/org/eclipse/example/calc/internal/operations/SquareTest.java
2025-08-14 10:58:44,660 - Knowledge - INFO - Found code-base-name: https://github.com/kavia-common/sample-6298.git:kavia-master
2025-08-14 10:58:44,660 - Knowledge - INFO - Found code_base: <app.utils.kg_build.knowledge.KnowledgeCodeBase object at 0x7f13b44ca390>
2025-08-14 10:58:44,660 - Knowledge - INFO - persist ingested knowledge for /app/data/b2c/6298/b12849t/sample-6298/org.eclipse.example.calc.test/tst/org/eclipse/example/calc/internal/operations/SquareTest.java
2025-08-14 10:58:45,012 - Knowledge - INFO - done ingest for /app/data/b2c/6298/b12849t/sample-6298/org.eclipse.example.calc.test/tst/org/eclipse/example/calc/internal/operations/PlusTest.java
2025-08-14 10:58:45,012 - Knowledge - INFO - process ingested knowledge for /app/data/b2c/6298/b12849t/sample-6298/org.eclipse.example.calc.test/tst/org/eclipse/example/calc/internal/operations/PlusTest.java
2025-08-14 10:58:45,361 - Knowledge - INFO - persist search terms embedding for org.eclipse.example.calc.test/tst/org/eclipse/example/calc/internal/operations/SquareTest.java
2025-08-14 10:58:46,010 - Knowledge - INFO - done ingest for /app/data/b2c/6298/b12849t/sample-6298/org.eclipse.example.calc.test/tst/org/eclipse/example/calc/internal/operations/MinusTest.java
2025-08-14 10:58:46,011 - Knowledge - INFO - process ingested knowledge for /app/data/b2c/6298/b12849t/sample-6298/org.eclipse.example.calc.test/tst/org/eclipse/example/calc/internal/operations/MinusTest.java
2025-08-14 10:58:46,106 - Knowledge - INFO - persist search terms embedding for org.eclipse.example.calc/src/org/eclipse/example/calc/internal/operations/Square.java
2025-08-14 10:58:46,241 - Knowledge - INFO - Found code-base-name: https://github.com/kavia-common/sample-6298.git:kavia-master
2025-08-14 10:58:46,242 - Knowledge - INFO - Found code_base: <app.utils.kg_build.knowledge.KnowledgeCodeBase object at 0x7f13b44ca390>
2025-08-14 10:58:46,242 - Knowledge - INFO - persist ingested knowledge for /app/data/b2c/6298/b12849t/sample-6298/org.eclipse.example.calc.test/tst/org/eclipse/example/calc/internal/operations/PlusTest.java
2025-08-14 10:58:46,902 - Knowledge - INFO - persist search terms embedding for org.eclipse.example.calc.test/tst/org/eclipse/example/calc/internal/operations/PlusTest.java
2025-08-14 10:58:46,925 - Knowledge - INFO - Found code-base-name: https://github.com/kavia-common/sample-6298.git:kavia-master
2025-08-14 10:58:46,925 - Knowledge - INFO - Found code_base: <app.utils.kg_build.knowledge.KnowledgeCodeBase object at 0x7f13b44ca390>
2025-08-14 10:58:46,925 - Knowledge - INFO - persist ingested knowledge for /app/data/b2c/6298/b12849t/sample-6298/org.eclipse.example.calc.test/tst/org/eclipse/example/calc/internal/operations/MinusTest.java
2025-08-14 10:58:47,541 - Knowledge - INFO - done ingest for /app/data/b2c/6298/b12849t/sample-6298/org.eclipse.example.calc.test/tst/org/eclipse/example/calc/internal/CalculatorTest.java
2025-08-14 10:58:47,543 - Knowledge - INFO - process ingested knowledge for /app/data/b2c/6298/b12849t/sample-6298/org.eclipse.example.calc.test/tst/org/eclipse/example/calc/internal/CalculatorTest.java
2025-08-14 10:58:47,657 - Knowledge - INFO - persist search terms embedding for org.eclipse.example.calc.test/tst/org/eclipse/example/calc/internal/operations/MinusTest.java
2025-08-14 10:58:47,896 - Knowledge - INFO - Found code-base-name: https://github.com/kavia-common/sample-6298.git:kavia-master
2025-08-14 10:58:47,896 - Knowledge - INFO - Found code_base: <app.utils.kg_build.knowledge.KnowledgeCodeBase object at 0x7f13b44ca390>
2025-08-14 10:58:47,896 - Knowledge - INFO - persist ingested knowledge for /app/data/b2c/6298/b12849t/sample-6298/org.eclipse.example.calc.test/tst/org/eclipse/example/calc/internal/CalculatorTest.java
2025-08-14 10:58:48,419 - Knowledge - INFO - done ingest for /app/data/b2c/6298/b12849t/sample-6298/org.eclipse.example.calc/src/org/eclipse/example/calc/Operations.java
2025-08-14 10:58:48,419 - Knowledge - INFO - process ingested knowledge for /app/data/b2c/6298/b12849t/sample-6298/org.eclipse.example.calc/src/org/eclipse/example/calc/Operations.java
2025-08-14 10:58:48,737 - Knowledge - INFO - persist search terms embedding for org.eclipse.example.calc.test/tst/org/eclipse/example/calc/internal/CalculatorTest.java
2025-08-14 10:58:48,826 - Knowledge - INFO - Found code-base-name: https://github.com/kavia-common/sample-6298.git:kavia-master
2025-08-14 10:58:48,826 - Knowledge - INFO - Found code_base: <app.utils.kg_build.knowledge.KnowledgeCodeBase object at 0x7f13b44ca390>
2025-08-14 10:58:48,826 - Knowledge - INFO - persist ingested knowledge for /app/data/b2c/6298/b12849t/sample-6298/org.eclipse.example.calc/src/org/eclipse/example/calc/Operations.java
2025-08-14 10:58:49,518 - Knowledge - INFO - persist search terms embedding for org.eclipse.example.calc/src/org/eclipse/example/calc/Operations.java
2025-08-14 10:58:49,634 - Knowledge - INFO - done ingest for /app/data/b2c/6298/b12849t/sample-6298/org.eclipse.example.calc.test/tst/org/eclipse/example/calc/OperationsTest.java
2025-08-14 10:58:49,634 - Knowledge - INFO - process ingested knowledge for /app/data/b2c/6298/b12849t/sample-6298/org.eclipse.example.calc.test/tst/org/eclipse/example/calc/OperationsTest.java
2025-08-14 10:58:50,135 - Knowledge - INFO - Found code-base-name: https://github.com/kavia-common/sample-6298.git:kavia-master
2025-08-14 10:58:50,135 - Knowledge - INFO - Found code_base: <app.utils.kg_build.knowledge.KnowledgeCodeBase object at 0x7f13b44ca390>
2025-08-14 10:58:50,135 - Knowledge - INFO - persist ingested knowledge for /app/data/b2c/6298/b12849t/sample-6298/org.eclipse.example.calc.test/tst/org/eclipse/example/calc/OperationsTest.java
2025-08-14 10:58:50,151 - Knowledge - INFO - done ingest for /app/data/b2c/6298/b12849t/sample-6298/org.eclipse.example.calc/src/org/eclipse/example/calc/internal/Calculator.java
2025-08-14 10:58:50,151 - Knowledge - INFO - process ingested knowledge for /app/data/b2c/6298/b12849t/sample-6298/org.eclipse.example.calc/src/org/eclipse/example/calc/internal/Calculator.java
2025-08-14 10:58:51,714 - Knowledge - INFO - done ingest for /app/data/b2c/6298/b12849t/sample-6298/org.eclipse.example.calc/src/org/eclipse/example/calc/internal/ui/swing/CalculatorUI.java
2025-08-14 10:58:51,721 - Knowledge - INFO - process ingested knowledge for /app/data/b2c/6298/b12849t/sample-6298/org.eclipse.example.calc/src/org/eclipse/example/calc/internal/ui/swing/CalculatorUI.java
2025-08-14 10:58:51,775 - Knowledge - INFO - persist search terms embedding for org.eclipse.example.calc.test/tst/org/eclipse/example/calc/OperationsTest.java
2025-08-14 10:58:52,007 - Knowledge - INFO - Found code-base-name: https://github.com/kavia-common/sample-6298.git:kavia-master
2025-08-14 10:58:52,008 - Knowledge - INFO - Found code_base: <app.utils.kg_build.knowledge.KnowledgeCodeBase object at 0x7f13b44ca390>
2025-08-14 10:58:52,008 - Knowledge - INFO - persist ingested knowledge for /app/data/b2c/6298/b12849t/sample-6298/org.eclipse.example.calc/src/org/eclipse/example/calc/internal/Calculator.java
2025-08-14 10:58:52,043 - Knowledge - INFO - Found code-base-name: https://github.com/kavia-common/sample-6298.git:kavia-master
2025-08-14 10:58:52,044 - Knowledge - INFO - Found code_base: <app.utils.kg_build.knowledge.KnowledgeCodeBase object at 0x7f13b44ca390>
2025-08-14 10:58:52,044 - Knowledge - INFO - persist ingested knowledge for /app/data/b2c/6298/b12849t/sample-6298/org.eclipse.example.calc/src/org/eclipse/example/calc/internal/ui/swing/CalculatorUI.java
2025-08-14 10:58:52,361 - Knowledge - INFO - done ingest for /app/data/b2c/6298/b12849t/sample-6298/org.eclipse.example.calc/src/org/eclipse/example/calc/internal/ui/swt/CalculatorUI.java
2025-08-14 10:58:52,361 - Knowledge - INFO - process ingested knowledge for /app/data/b2c/6298/b12849t/sample-6298/org.eclipse.example.calc/src/org/eclipse/example/calc/internal/ui/swt/CalculatorUI.java
2025-08-14 10:58:52,693 - Knowledge - INFO - persist search terms embedding for org.eclipse.example.calc/src/org/eclipse/example/calc/internal/ui/swing/CalculatorUI.java
2025-08-14 10:58:52,695 - Knowledge - INFO - Found code-base-name: https://github.com/kavia-common/sample-6298.git:kavia-master
2025-08-14 10:58:52,695 - Knowledge - INFO - Found code_base: <app.utils.kg_build.knowledge.KnowledgeCodeBase object at 0x7f13b44ca390>
2025-08-14 10:58:52,695 - Knowledge - INFO - persist ingested knowledge for /app/data/b2c/6298/b12849t/sample-6298/org.eclipse.example.calc/src/org/eclipse/example/calc/internal/ui/swt/CalculatorUI.java
2025-08-14 10:58:52,996 - Knowledge - INFO - persist search terms embedding for org.eclipse.example.calc/src/org/eclipse/example/calc/internal/ui/swt/CalculatorUI.java
2025-08-14 10:58:53,379 - Knowledge - INFO - persist search terms embedding for org.eclipse.example.calc/src/org/eclipse/example/calc/internal/Calculator.java
2025-08-14 10:58:53,384 - Knowledge - INFO - Knowledge creation complete
2025-08-14 10:58:53,386 - Knowledge - INFO - Updating org costs, total cost: 0.005604199999999999
2025-08-14 10:58:53,497 - Knowledge - INFO - Saving knowledge to Redis...
2025-08-14 10:58:53,512 - Knowledge - INFO - Knowledge saved to Redis successfully
2025-08-14 11:02:34,055 - Knowledge - INFO - Redis support added with prefix knowledge:b12849t:
2025-08-14 11:02:34,235 - Knowledge - INFO - load persisted knowledge: begin
2025-08-14 11:02:34,530 - Knowledge - INFO - Persisted knowledge files in /app/data/b2c/6298/b12849t/sample-6298/.knowledge have been renamed to use .json
2025-08-14 11:02:34,541 - Knowledge - INFO - Found code-base-name: https://github.com/kavia-common/sample-6298.git:kavia-master
2025-08-14 11:02:34,541 - Knowledge - INFO - Found code_base: <app.utils.kg_build.knowledge.KnowledgeCodeBase object at 0x7fcf904bd910>
2025-08-14 11:02:34,541 - Knowledge - INFO - process ingested knowledge for /app/data/b2c/6298/b12849t/sample-6298/org.eclipse.example.calc/pom.xml
2025-08-14 11:02:34,547 - Knowledge - INFO - Found code-base-name: https://github.com/kavia-common/sample-6298.git:kavia-master
2025-08-14 11:02:34,547 - Knowledge - INFO - Found code_base: <app.utils.kg_build.knowledge.KnowledgeCodeBase object at 0x7fcf904bd910>
2025-08-14 11:02:34,547 - Knowledge - INFO - process ingested knowledge for /app/data/b2c/6298/b12849t/sample-6298/org.eclipse.example.calc.test/tst/org/eclipse/example/calc/internal/operations/MinusTest.java
2025-08-14 11:02:34,552 - Knowledge - INFO - Found code-base-name: https://github.com/kavia-common/sample-6298.git:kavia-master
2025-08-14 11:02:34,552 - Knowledge - INFO - Found code_base: <app.utils.kg_build.knowledge.KnowledgeCodeBase object at 0x7fcf904bd910>
2025-08-14 11:02:34,552 - Knowledge - INFO - process ingested knowledge for /app/data/b2c/6298/b12849t/sample-6298/org.eclipse.example.calc/src/org/eclipse/example/calc/internal/TextProvider.java
2025-08-14 11:02:34,557 - Knowledge - INFO - Found code-base-name: https://github.com/kavia-common/sample-6298.git:kavia-master
2025-08-14 11:02:34,557 - Knowledge - INFO - Found code_base: <app.utils.kg_build.knowledge.KnowledgeCodeBase object at 0x7fcf904bd910>
2025-08-14 11:02:34,557 - Knowledge - INFO - process ingested knowledge for /app/data/b2c/6298/b12849t/sample-6298/org.eclipse.example.calc.test/tst/org/eclipse/example/calc/internal/operations/PlusTest.java
2025-08-14 11:02:34,563 - Knowledge - INFO - Found code-base-name: https://github.com/kavia-common/sample-6298.git:kavia-master
2025-08-14 11:02:34,563 - Knowledge - INFO - Found code_base: <app.utils.kg_build.knowledge.KnowledgeCodeBase object at 0x7fcf904bd910>
2025-08-14 11:02:34,563 - Knowledge - INFO - process ingested knowledge for /app/data/b2c/6298/b12849t/sample-6298/org.eclipse.example.calc/src/org/eclipse/example/calc/internal/operations/Divide.java
2025-08-14 11:02:34,570 - Knowledge - INFO - Found code-base-name: https://github.com/kavia-common/sample-6298.git:kavia-master
2025-08-14 11:02:34,570 - Knowledge - INFO - Found code_base: <app.utils.kg_build.knowledge.KnowledgeCodeBase object at 0x7fcf904bd910>
2025-08-14 11:02:34,570 - Knowledge - INFO - process ingested knowledge for /app/data/b2c/6298/b12849t/sample-6298/org.eclipse.example.calc/src/org/eclipse/example/calc/internal/operations/AbstractOperation.java
2025-08-14 11:02:34,577 - Knowledge - INFO - Found code-base-name: https://github.com/kavia-common/sample-6298.git:kavia-master
2025-08-14 11:02:34,577 - Knowledge - INFO - Found code_base: <app.utils.kg_build.knowledge.KnowledgeCodeBase object at 0x7fcf904bd910>
2025-08-14 11:02:34,577 - Knowledge - INFO - process ingested knowledge for /app/data/b2c/6298/b12849t/sample-6298/org.eclipse.example.calc/src/org/eclipse/example/calc/Operations.java
2025-08-14 11:02:34,583 - Knowledge - INFO - Found code-base-name: https://github.com/kavia-common/sample-6298.git:kavia-master
2025-08-14 11:02:34,583 - Knowledge - INFO - Found code_base: <app.utils.kg_build.knowledge.KnowledgeCodeBase object at 0x7fcf904bd910>
2025-08-14 11:02:34,583 - Knowledge - INFO - process ingested knowledge for /app/data/b2c/6298/b12849t/sample-6298/org.eclipse.example.calc/src/org/eclipse/example/calc/UnaryOperation.java
2025-08-14 11:02:34,588 - Knowledge - INFO - Found code-base-name: https://github.com/kavia-common/sample-6298.git:kavia-master
2025-08-14 11:02:34,589 - Knowledge - INFO - Found code_base: <app.utils.kg_build.knowledge.KnowledgeCodeBase object at 0x7fcf904bd910>
2025-08-14 11:02:34,589 - Knowledge - INFO - process ingested knowledge for /app/data/b2c/6298/b12849t/sample-6298/org.eclipse.example.calc/src/org/eclipse/example/calc/internal/operations/Square.java
2025-08-14 11:02:34,594 - Knowledge - INFO - Found code-base-name: https://github.com/kavia-common/sample-6298.git:kavia-master
2025-08-14 11:02:34,594 - Knowledge - INFO - Found code_base: <app.utils.kg_build.knowledge.KnowledgeCodeBase object at 0x7fcf904bd910>
2025-08-14 11:02:34,594 - Knowledge - INFO - process ingested knowledge for /app/data/b2c/6298/b12849t/sample-6298/org.eclipse.example.calc/src/org/eclipse/example/calc/internal/ui/swing/CalculatorUI.java
2025-08-14 11:02:34,599 - Knowledge - INFO - Found code-base-name: https://github.com/kavia-common/sample-6298.git:kavia-master
2025-08-14 11:02:34,599 - Knowledge - INFO - Found code_base: <app.utils.kg_build.knowledge.KnowledgeCodeBase object at 0x7fcf904bd910>
2025-08-14 11:02:34,599 - Knowledge - INFO - process ingested knowledge for /app/data/b2c/6298/b12849t/sample-6298/org.eclipse.example.calc/src/org/eclipse/example/calc/internal/ui/swt/CalculatorUI.java
2025-08-14 11:02:34,606 - Knowledge - INFO - Found code-base-name: https://github.com/kavia-common/sample-6298.git:kavia-master
2025-08-14 11:02:34,606 - Knowledge - INFO - Found code_base: <app.utils.kg_build.knowledge.KnowledgeCodeBase object at 0x7fcf904bd910>
2025-08-14 11:02:34,606 - Knowledge - INFO - process ingested knowledge for /app/data/b2c/6298/b12849t/sample-6298/org.eclipse.example.calc/src/org/eclipse/example/calc/internal/Calculator.java
2025-08-14 11:02:34,612 - Knowledge - INFO - Found code-base-name: https://github.com/kavia-common/sample-6298.git:kavia-master
2025-08-14 11:02:34,612 - Knowledge - INFO - Found code_base: <app.utils.kg_build.knowledge.KnowledgeCodeBase object at 0x7fcf904bd910>
2025-08-14 11:02:34,612 - Knowledge - INFO - process ingested knowledge for /app/data/b2c/6298/b12849t/sample-6298/org.eclipse.example.calc/src/org/eclipse/example/calc/BinaryOperation.java
2025-08-14 11:02:34,617 - Knowledge - INFO - Found code-base-name: https://github.com/kavia-common/sample-6298.git:kavia-master
2025-08-14 11:02:34,618 - Knowledge - INFO - Found code_base: <app.utils.kg_build.knowledge.KnowledgeCodeBase object at 0x7fcf904bd910>
2025-08-14 11:02:34,618 - Knowledge - INFO - process ingested knowledge for /app/data/b2c/6298/b12849t/sample-6298/org.eclipse.example.calc/src/org/eclipse/example/calc/internal/operations/Equals.java
2025-08-14 11:02:34,623 - Knowledge - INFO - Found code-base-name: https://github.com/kavia-common/sample-6298.git:kavia-master
2025-08-14 11:02:34,623 - Knowledge - INFO - Found code_base: <app.utils.kg_build.knowledge.KnowledgeCodeBase object at 0x7fcf904bd910>
2025-08-14 11:02:34,623 - Knowledge - INFO - process ingested knowledge for /app/data/b2c/6298/b12849t/sample-6298/org.eclipse.example.calc.test/pom.xml
2025-08-14 11:02:34,629 - Knowledge - INFO - Found code-base-name: https://github.com/kavia-common/sample-6298.git:kavia-master
2025-08-14 11:02:34,629 - Knowledge - INFO - Found code_base: <app.utils.kg_build.knowledge.KnowledgeCodeBase object at 0x7fcf904bd910>
2025-08-14 11:02:34,629 - Knowledge - INFO - process ingested knowledge for /app/data/b2c/6298/b12849t/sample-6298/org.eclipse.example.calc.test/tst/org/eclipse/example/calc/internal/operations/AbstractOperationTest.java
2025-08-14 11:02:34,634 - Knowledge - INFO - Found code-base-name: https://github.com/kavia-common/sample-6298.git:kavia-master
2025-08-14 11:02:34,635 - Knowledge - INFO - Found code_base: <app.utils.kg_build.knowledge.KnowledgeCodeBase object at 0x7fcf904bd910>
2025-08-14 11:02:34,635 - Knowledge - INFO - process ingested knowledge for /app/data/b2c/6298/b12849t/sample-6298/org.eclipse.example.calc.test/tst/org/eclipse/example/calc/OperationsTest.java
2025-08-14 11:02:34,640 - Knowledge - INFO - Found code-base-name: https://github.com/kavia-common/sample-6298.git:kavia-master
2025-08-14 11:02:34,640 - Knowledge - INFO - Found code_base: <app.utils.kg_build.knowledge.KnowledgeCodeBase object at 0x7fcf904bd910>
2025-08-14 11:02:34,640 - Knowledge - INFO - process ingested knowledge for /app/data/b2c/6298/b12849t/sample-6298/org.eclipse.example.calc/src/org/eclipse/example/calc/Operation.java
2025-08-14 11:02:34,645 - Knowledge - INFO - Found code-base-name: https://github.com/kavia-common/sample-6298.git:kavia-master
2025-08-14 11:02:34,645 - Knowledge - INFO - Found code_base: <app.utils.kg_build.knowledge.KnowledgeCodeBase object at 0x7fcf904bd910>
2025-08-14 11:02:34,646 - Knowledge - INFO - process ingested knowledge for /app/data/b2c/6298/b12849t/sample-6298/org.eclipse.example.calc.test/tst/org/eclipse/example/calc/internal/operations/SquareTest.java
2025-08-14 11:02:34,651 - Knowledge - INFO - Found code-base-name: https://github.com/kavia-common/sample-6298.git:kavia-master
2025-08-14 11:02:34,651 - Knowledge - INFO - Found code_base: <app.utils.kg_build.knowledge.KnowledgeCodeBase object at 0x7fcf904bd910>
2025-08-14 11:02:34,651 - Knowledge - INFO - process ingested knowledge for /app/data/b2c/6298/b12849t/sample-6298/org.eclipse.example.calc.test/tst/org/eclipse/example/calc/internal/CalculatorTest.java
2025-08-14 11:02:34,656 - Knowledge - INFO - Found code-base-name: https://github.com/kavia-common/sample-6298.git:kavia-master
2025-08-14 11:02:34,657 - Knowledge - INFO - Found code_base: <app.utils.kg_build.knowledge.KnowledgeCodeBase object at 0x7fcf904bd910>
2025-08-14 11:02:34,657 - Knowledge - INFO - process ingested knowledge for /app/data/b2c/6298/b12849t/sample-6298/pom.xml
2025-08-14 11:02:34,662 - Knowledge - INFO - Found code-base-name: https://github.com/kavia-common/sample-6298.git:kavia-master
2025-08-14 11:02:34,662 - Knowledge - INFO - Found code_base: <app.utils.kg_build.knowledge.KnowledgeCodeBase object at 0x7fcf904bd910>
2025-08-14 11:02:34,662 - Knowledge - INFO - process ingested knowledge for /app/data/b2c/6298/b12849t/sample-6298/org.eclipse.example.calc/src/org/eclipse/example/calc/internal/operations/Plus.java
2025-08-14 11:02:34,667 - Knowledge - INFO - Found code-base-name: https://github.com/kavia-common/sample-6298.git:kavia-master
2025-08-14 11:02:34,667 - Knowledge - INFO - Found code_base: <app.utils.kg_build.knowledge.KnowledgeCodeBase object at 0x7fcf904bd910>
2025-08-14 11:02:34,667 - Knowledge - INFO - process ingested knowledge for /app/data/b2c/6298/b12849t/sample-6298/org.eclipse.example.calc.test/tst/org/eclipse/example/calc/internal/operations/EqualsTest.java
2025-08-14 11:02:34,673 - Knowledge - INFO - Found code-base-name: https://github.com/kavia-common/sample-6298.git:kavia-master
2025-08-14 11:02:34,673 - Knowledge - INFO - Found code_base: <app.utils.kg_build.knowledge.KnowledgeCodeBase object at 0x7fcf904bd910>
2025-08-14 11:02:34,673 - Knowledge - INFO - process ingested knowledge for /app/data/b2c/6298/b12849t/sample-6298/org.eclipse.example.calc/src/org/eclipse/example/calc/internal/operations/Minus.java
2025-08-14 11:02:34,675 - Knowledge - INFO - load persisted knowledge: end
2025-08-14 11:02:34,675 - Knowledge - INFO - load persisted docinfo: begin
2025-08-14 11:02:34,676 - Knowledge - INFO - load persisted docinfo: end
2025-08-14 11:02:34,719 - Knowledge - INFO - worker kw1 created with dedicated MongoDB connection (total: 1)
2025-08-14 11:02:34,720 - Knowledge - INFO - knowledge worker kw1 start
2025-08-14 11:02:34,721 - Knowledge - INFO - Knowledge creation complete
2025-08-14 11:02:34,723 - Knowledge - INFO - Updating org costs, total cost: 0
2025-08-14 11:02:34,727 - Knowledge - INFO - Saving knowledge to Redis...
2025-08-14 11:02:34,743 - Knowledge - INFO - Knowledge saved to Redis successfully
